Watching for file changes with StatReloader
Watching for file changes with StatReloader
"GET /myapp/index/common/section HTTP/1.1" 200 4265
"GET /myapp/index/home/section HTTP/1.1" 200 4959
"GET /myapp/index/home/section HTTP/1.1" 200 4959
"GET /myapp/index/common/section HTTP/1.1" 200 4265
"GET /myapp/index/home/section HTTP/1.1" 200 4959
"GET /myapp/index/common/section HTTP/1.1" 200 4265
"GET /myapp/index/about/section HTTP/1.1" 200 4216
"GET /myapp/index/common/section HTTP/1.1" 200 4265
"GET /myapp/index/thing/section?page=1&pageSize=9&categoryId=41&searchQuery= HTTP/1.1" 200 2431
"GET /myapp/index/thing/section?page=1&pageSize=9 HTTP/1.1" 200 3521
"GET /myapp/index/home/section HTTP/1.1" 200 4959
Forbidden: /myapp/admin/overview/count
"GET /myapp/admin/overview/count?days=7 HTTP/1.0" 403 30
"GET /myapp/admin/overview/dataCount HTTP/1.0" 200 135
"GET /myapp/admin/basicGlobal/listInfo HTTP/1.0" 200 611
"POST /myapp/admin/adminLogin HTTP/1.0" 200 332
"GET /myapp/admin/overview/dataCount HTTP/1.0" 200 135
"GET /myapp/admin/overview/count?days=7 HTTP/1.0" 200 101
"GET /myapp/admin/thing/list?page=1&pageSize=10&keyword= HTTP/1.0" 200 41325
"GET /myapp/admin/category/list HTTP/1.0" 200 1141
"GET /myapp/admin/basicSite/list HTTP/1.0" 200 428
"GET /myapp/admin/basicTdk/list HTTP/1.0" 200 2470
"GET /myapp/admin/basicBanner/list HTTP/1.0" 200 272
"GET /myapp/admin/basicGlobal/list HTTP/1.0" 200 611
"GET /myapp/admin/basicAdditional/list HTTP/1.0" 200 2510
"GET /myapp/admin/advantage/list?page=1&pageSize=10 HTTP/1.0" 200 1546
"GET /myapp/admin/comment/list?page=1&pageSize=10 HTTP/1.0" 200 927
"GET /myapp/admin/basicSite/list HTTP/1.0" 200 428
"GET /myapp/admin/basicSite/list HTTP/1.0" 200 428
"GET /myapp/admin/basicSite/list HTTP/1.0" 200 428
"GET /myapp/admin/basicBanner/list HTTP/1.0" 200 272
"POST /myapp/admin/basicBanner/update HTTP/1.0" 200 272
"GET /myapp/admin/basicBanner/list HTTP/1.0" 200 272
"GET /myapp/admin/user/list HTTP/1.0" 200 708
"GET /myapp/admin/overview/count?days=7 HTTP/1.0" 200 101
"GET /myapp/admin/overview/dataCount HTTP/1.0" 200 135
"GET /myapp/admin/thing/list?page=1&pageSize=10&keyword= HTTP/1.0" 200 41325
"GET /myapp/admin/category/list HTTP/1.0" 200 1141
"GET /myapp/admin/overview/count?days=7 HTTP/1.0" 200 101
"GET /myapp/admin/overview/dataCount HTTP/1.0" 200 135
"GET /myapp/index/common/section HTTP/1.1" 200 4265
"GET /myapp/index/home/section HTTP/1.1" 200 4959
"GET /myapp/index/about/section HTTP/1.1" 200 4216
"GET /myapp/index/thing/section?page=1&pageSize=9&categoryId=41&searchQuery= HTTP/1.1" 200 2431
"GET /myapp/index/thing/section?page=1&pageSize=9 HTTP/1.1" 200 3521
"GET /myapp/index/contact/section HTTP/1.1" 200 1614
"GET /myapp/index/about/section HTTP/1.1" 200 4216
"GET /myapp/index/contact/section HTTP/1.1" 200 1614
"GET /myapp/index/home/section HTTP/1.1" 200 4959
"GET /myapp/index/thing/section?page=1&pageSize=9&searchQuery= HTTP/1.1" 200 3521
"GET /myapp/index/thing/section?page=1&pageSize=9 HTTP/1.1" 200 3521
Watching for file changes with StatReloader
Watching for file changes with StatReloader
Watching for file changes with StatReloader
D:\git_workspace\web_b2b\server\server\settings.py changed, reloading.
Watching for file changes with StatReloader
"GET /myapp/index/common/section HTTP/1.1" 200 4265
"GET /myapp/index/home/section HTTP/1.1" 200 4959
"GET /myapp/index/home/section HTTP/1.1" 200 4959
"GET /myapp/index/home/section HTTP/1.1" 200 4959
"GET /myapp/index/common/section HTTP/1.1" 200 4265
"GET /myapp/index/home/section HTTP/1.1" 200 4959
"GET /myapp/index/common/section HTTP/1.1" 200 4265
"GET /myapp/index/home/section HTTP/1.1" 200 4959
"GET /myapp/index/home/section HTTP/1.1" 200 4959
"GET /myapp/index/home/section HTTP/1.1" 200 4959
"GET /myapp/index/common/section HTTP/1.1" 200 4265
"GET /myapp/index/home/section HTTP/1.1" 200 4959
"GET /myapp/index/home/section HTTP/1.1" 200 4959
"GET /myapp/index/common/section HTTP/1.1" 200 4265
"GET /myapp/index/home/section HTTP/1.1" 200 4959
"GET /myapp/index/common/section HTTP/1.1" 200 4265
"GET /myapp/index/home/section HTTP/1.1" 200 4959
"GET /myapp/index/common/section HTTP/1.1" 200 4265
"GET /myapp/index/common/section HTTP/1.1" 200 4265
"GET /myapp/index/home/section HTTP/1.1" 200 4959
"GET /myapp/index/home/section HTTP/1.1" 200 4959
"GET /myapp/index/common/section HTTP/1.1" 200 4265
"GET /myapp/index/thing/section?page=1&pageSize=9 HTTP/1.1" 200 3521
"GET /myapp/index/thing/section?page=1&pageSize=12&searchQuery= HTTP/1.1" 200 3937
"GET /myapp/index/about/section HTTP/1.1" 200 4216
Watching for file changes with StatReloader
Watching for file changes with StatReloader
"GET /myapp/index/home/section HTTP/1.1" 200 4959
"GET /myapp/index/common/section HTTP/1.1" 200 4265
"GET /myapp/index/home/section HTTP/1.1" 200 4959
"GET /myapp/index/common/section HTTP/1.1" 200 4265
"GET /myapp/index/home/section HTTP/1.1" 200 4959
"GET /myapp/index/home/section HTTP/1.1" 200 4959
"GET /myapp/index/common/section HTTP/1.1" 200 4265
"GET /myapp/index/home/section HTTP/1.1" 200 4959
"GET /myapp/index/home/section HTTP/1.1" 200 4959
"GET /myapp/index/common/section HTTP/1.1" 200 4265
"GET /myapp/index/home/section HTTP/1.1" 200 4959
"GET /upload/img/1745460011834.jpg HTTP/1.1" 200 166653
"GET /upload/img/1747118774080.jpg HTTP/1.1" 200 144633
"GET /upload/img/1745484510188.jpg HTTP/1.1" 200 316021
"GET /upload/img/logo.png HTTP/1.1" 200 10236
"GET /upload/img/1745484496336.jpg HTTP/1.1" 200 676557
"GET /upload/img/1745460019136.jpg HTTP/1.1" 200 117457
"GET /upload/img/1747899216089.jpg HTTP/1.1" 200 30576
"GET /upload/img/1745460949926.jpg HTTP/1.1" 200 648714
"GET /upload/img/1747127398455.jpg HTTP/1.1" 200 48804
"GET /upload/img/1747127404721.jpg HTTP/1.1" 200 44877
"GET /upload/img/1745462544431.jpg HTTP/1.1" 200 72923
"GET /upload/img/1745462520685.jpg HTTP/1.1" 200 79074
"GET /upload/img/1745462508547.jpg HTTP/1.1" 200 67214
"GET /upload/img/1745462380944.jpg HTTP/1.1" 200 91507
"GET /upload/img/1745462388292.jpg HTTP/1.1" 200 88724
"GET /upload/img/1745462395579.jpg HTTP/1.1" 200 67458
"GET /upload/img/1745462412737.jpg HTTP/1.1" 200 62776
"GET /upload/img/1745462428866.jpg HTTP/1.1" 200 76083
"GET /upload/img/1747118959809.jpg HTTP/1.1" 200 693380
"GET /upload/img/1745290367491.jpg HTTP/1.1" 200 36047
"GET /upload/img/1745290373456.jpg HTTP/1.1" 200 34843
"GET /upload/img/1745290377932.jpg HTTP/1.1" 200 37017
"GET /myapp/index/common/section HTTP/1.1" 200 4265
"GET /myapp/index/home/section HTTP/1.1" 200 4959
"GET /upload/img/1747118774080.jpg HTTP/1.1" 200 144633
"GET /upload/img/1745460011834.jpg HTTP/1.1" 200 166653
"GET /upload/img/1745484510188.jpg HTTP/1.1" 200 316021
"GET /upload/img/1745484496336.jpg HTTP/1.1" 200 676557
"GET /upload/img/logo.png HTTP/1.1" 200 10236
"GET /upload/img/1745460019136.jpg HTTP/1.1" 200 117457
"GET /upload/img/1747899216089.jpg HTTP/1.1" 200 30576
"GET /upload/img/1745460949926.jpg HTTP/1.1" 200 648714
"GET /upload/img/1747127398455.jpg HTTP/1.1" 200 48804
"GET /upload/img/1747127404721.jpg HTTP/1.1" 200 44877
"GET /upload/img/1745462544431.jpg HTTP/1.1" 200 72923
"GET /upload/img/1745462508547.jpg HTTP/1.1" 200 67214
"GET /upload/img/1745462380944.jpg HTTP/1.1" 200 91507
"GET /upload/img/1745462520685.jpg HTTP/1.1" 200 79074
"GET /upload/img/1745462388292.jpg HTTP/1.1" 200 88724
"GET /upload/img/1745462412737.jpg HTTP/1.1" 200 62776
"GET /upload/img/1745462428866.jpg HTTP/1.1" 200 76083
"GET /upload/img/1745462395579.jpg HTTP/1.1" 200 67458
"GET /upload/img/1747118959809.jpg HTTP/1.1" 200 693380
"GET /myapp/index/about/section HTTP/1.1" 200 4216
"GET /upload/img/1749538547679.jpg HTTP/1.1" 200 535714
"GET /upload/img/1745548221305.jpg HTTP/1.1" 200 422867
"GET /upload/img/1747118959809.jpg HTTP/1.1" 200 693380
"GET /upload/img/1749285451165.jpg HTTP/1.1" 200 95123
"GET /upload/img/1745053949716.png HTTP/1.1" 200 1645870
"GET /upload/img/1747478386684.jpg HTTP/1.1" 200 39355
"GET /upload/img/1747478281945.jpg HTTP/1.1" 200 28515
"GET /myapp/index/contact/section HTTP/1.1" 200 1614
"GET /upload/img/1747478238408.jpg HTTP/1.1" 200 20721
"GET /upload/img/1747478339542.jpg HTTP/1.1" 200 36172
"GET /upload/img/1747478254293.jpg HTTP/1.1" 200 21265
"GET /upload/img/1747478349368.jpg HTTP/1.1" 200 15884
"GET /upload/img/1747119224816.jpg HTTP/1.1" 200 158761
"GET /upload/img/1747119237581.jpg HTTP/1.1" 200 159551
"GET /upload/img/1747119220756.jpg HTTP/1.1" 200 156344
"GET /upload/img/1747119228932.jpg HTTP/1.1" 200 153622
"GET /upload/img/1749284325689.jpg HTTP/1.1" 200 159551
"GET /upload/img/1749284333480.jpg HTTP/1.1" 200 156344
"GET /upload/img/1749284339181.jpg HTTP/1.1" 200 153622
"GET /upload/img/1749284345883.jpg HTTP/1.1" 200 158761
"GET /upload/img/1749538555679.jpg HTTP/1.1" 200 298026
"GET /upload/img/1745462508547.jpg HTTP/1.1" 200 67214
"GET /upload/img/1745462544431.jpg HTTP/1.1" 200 72923
"GET /upload/img/1745462395579.jpg HTTP/1.1" 200 67458
"GET /upload/img/1745462388292.jpg HTTP/1.1" 200 88724
"GET /myapp/index/common/section HTTP/1.1" 200 4265
"GET /myapp/index/home/section HTTP/1.1" 200 4959
"GET /myapp/index/common/section HTTP/1.1" 200 4265
"GET /myapp/index/home/section HTTP/1.1" 200 4959
"GET /myapp/index/common/section HTTP/1.1" 200 4265
"GET /myapp/index/home/section HTTP/1.1" 200 4959
"GET /myapp/index/home/section HTTP/1.0" 200 4959
"GET /myapp/index/common/section HTTP/1.1" 200 4265
"GET /myapp/index/home/section HTTP/1.1" 200 4959
"GET /myapp/index/common/section HTTP/1.1" 200 4265
"GET /myapp/index/home/section HTTP/1.1" 200 4959
"GET /upload/img/1745460011834.jpg HTTP/1.1" 200 166653
"GET /upload/img/1747118774080.jpg HTTP/1.1" 200 144633
"GET /upload/img/1745484510188.jpg HTTP/1.1" 200 316021
"GET /upload/img/1745484496336.jpg HTTP/1.1" 200 676557
"GET /upload/img/1745460019136.jpg HTTP/1.1" 200 117457
"GET /upload/img/1747899216089.jpg HTTP/1.1" 200 30576
"GET /upload/img/1745460949926.jpg HTTP/1.1" 200 648714
"GET /upload/img/1747127398455.jpg HTTP/1.1" 200 48804
"GET /upload/img/1747127404721.jpg HTTP/1.1" 200 44877
"GET /upload/img/1745462508547.jpg HTTP/1.1" 200 67214
"GET /upload/img/1745462544431.jpg HTTP/1.1" 200 72923
"GET /upload/img/1745462520685.jpg HTTP/1.1" 200 79074
"GET /upload/img/1745462380944.jpg HTTP/1.1" 200 91507
"GET /upload/img/1745462388292.jpg HTTP/1.1" 200 88724
"GET /upload/img/1745462395579.jpg HTTP/1.1" 200 67458
"GET /upload/img/1745462412737.jpg HTTP/1.1" 200 62776
"GET /upload/img/1747118959809.jpg HTTP/1.1" 200 693380
"GET /upload/img/1745290367491.jpg HTTP/1.1" 200 36047
"GET /upload/img/1745462428866.jpg HTTP/1.1" 200 76083
"GET /upload/img/1745290373456.jpg HTTP/1.1" 200 34843
"GET /upload/img/1745290377932.jpg HTTP/1.1" 200 37017
"GET /myapp/index/home/section HTTP/1.1" 200 4959
"GET /myapp/index/common/section HTTP/1.1" 200 4265
"GET /upload/img/1745460011834.jpg HTTP/1.1" 200 166653
"GET /upload/img/1747118774080.jpg HTTP/1.1" 200 144633
"GET /upload/img/1745484510188.jpg HTTP/1.1" 200 316021
"GET /upload/img/1745484496336.jpg HTTP/1.1" 200 676557
"GET /upload/img/1745460019136.jpg HTTP/1.1" 200 117457
"GET /upload/img/1747899216089.jpg HTTP/1.1" 200 30576
"GET /upload/img/1745460949926.jpg HTTP/1.1" 200 648714
"GET /upload/img/1747127398455.jpg HTTP/1.1" 200 48804
"GET /upload/img/1747127404721.jpg HTTP/1.1" 200 44877
"GET /upload/img/1745462544431.jpg HTTP/1.1" 200 72923
"GET /upload/img/1745462520685.jpg HTTP/1.1" 200 79074
"GET /upload/img/1745462508547.jpg HTTP/1.1" 200 67214
"GET /upload/img/1745462380944.jpg HTTP/1.1" 200 91507
"GET /upload/img/1745462388292.jpg HTTP/1.1" 200 88724
"GET /upload/img/1745462412737.jpg HTTP/1.1" 200 62776
"GET /upload/img/1745462395579.jpg HTTP/1.1" 200 67458
"GET /upload/img/1745462428866.jpg HTTP/1.1" 200 76083
"GET /upload/img/1745290367491.jpg HTTP/1.1" 200 36047
"GET /upload/img/1745290373456.jpg HTTP/1.1" 200 34843
"GET /upload/img/1747118959809.jpg HTTP/1.1" 200 693380
"GET /upload/img/1745290377932.jpg HTTP/1.1" 200 37017
"GET /myapp/index/common/section HTTP/1.1" 200 4265
"GET /myapp/index/home/section HTTP/1.1" 200 4959
"GET /myapp/index/home/section HTTP/1.1" 200 4959
"GET /myapp/index/common/section HTTP/1.1" 200 4265
"GET /upload/img/1747118774080.jpg HTTP/1.1" 200 144633
"GET /upload/img/1745460011834.jpg HTTP/1.1" 200 166653
"GET /upload/img/1745484510188.jpg HTTP/1.1" 200 316021
"GET /upload/img/1745484496336.jpg HTTP/1.1" 200 676557
"GET /upload/img/1745460019136.jpg HTTP/1.1" 200 117457
"GET /upload/img/1747899216089.jpg HTTP/1.1" 200 30576
"GET /upload/img/1745460949926.jpg HTTP/1.1" 200 648714
"GET /upload/img/1747127398455.jpg HTTP/1.1" 200 48804
"GET /upload/img/1745462544431.jpg HTTP/1.1" 200 72923
"GET /upload/img/1747127404721.jpg HTTP/1.1" 200 44877
"GET /upload/img/1745462520685.jpg HTTP/1.1" 200 79074
"GET /upload/img/1745462508547.jpg HTTP/1.1" 200 67214
"GET /upload/img/1745462380944.jpg HTTP/1.1" 200 91507
"GET /upload/img/1745462388292.jpg HTTP/1.1" 200 88724
"GET /upload/img/1745462428866.jpg HTTP/1.1" 200 76083
"GET /upload/img/1747118959809.jpg HTTP/1.1" 200 693380
"GET /upload/img/1745462412737.jpg HTTP/1.1" 200 62776
"GET /upload/img/1745462395579.jpg HTTP/1.1" 200 67458
"GET /myapp/index/common/section HTTP/1.1" 200 4265
"GET /myapp/index/home/section HTTP/1.1" 200 4959
"GET /upload/img/1745290367491.jpg HTTP/1.1" 200 36047
"GET /upload/img/1745290377932.jpg HTTP/1.1" 200 37017
"GET /upload/img/1745290373456.jpg HTTP/1.1" 200 34843
Not Found: /
"GET / HTTP/1.1" 404 2300
Not Found: /favicon.ico
"GET /favicon.ico HTTP/1.1" 404 2351
"GET /myapp/index/common/section HTTP/1.1" 200 4265
"GET /myapp/index/home/section HTTP/1.1" 200 4959
"GET /myapp/index/common/section HTTP/1.1" 200 4265
"GET /myapp/index/home/section HTTP/1.1" 200 4959
code 400, message Bad request version ("\x00>\x13\x02\x13\x03\x13\x01À,À0\x00\x9fÌ©Ì¨ÌªÀ+À/\x00\x9eÀ$À(\x00kÀ#À'\x00gÀ")
You're accessing the development server over HTTPS, but it only supports HTTP.

"GET /myapp/index/home/section HTTP/1.1" 200 4959
"GET /myapp/index/common/section HTTP/1.1" 200 4265
"GET /myapp/index/home/section HTTP/1.1" 200 4959
"GET /myapp/index/common/section HTTP/1.1" 200 4265
"GET /myapp/index/home/section HTTP/1.1" 200 4959
"GET /myapp/index/common/section HTTP/1.1" 200 4265
"GET /myapp/index/home/section HTTP/1.1" 200 4959
"GET /myapp/index/common/section HTTP/1.1" 200 4265
"GET /upload/img/1745460011834.jpg HTTP/1.1" 200 166653
"GET /upload/img/1745484510188.jpg HTTP/1.1" 200 316021
"GET /upload/img/1745484496336.jpg HTTP/1.1" 200 676557
"GET /upload/img/1747118774080.jpg HTTP/1.1" 200 144633
"GET /upload/img/1745460019136.jpg HTTP/1.1" 200 117457
"GET /upload/img/1747899216089.jpg HTTP/1.1" 200 30576
"GET /upload/img/1747127404721.jpg HTTP/1.1" 200 44877
"GET /upload/img/1747127398455.jpg HTTP/1.1" 200 48804
"GET /upload/img/1745460949926.jpg HTTP/1.1" 200 648714
"GET /upload/img/1745462544431.jpg HTTP/1.1" 200 72923
"GET /upload/img/1745462520685.jpg HTTP/1.1" 200 79074
"GET /upload/img/1745462508547.jpg HTTP/1.1" 200 67214
"GET /upload/img/1745462380944.jpg HTTP/1.1" 200 91507
"GET /upload/img/1745462395579.jpg HTTP/1.1" 200 67458
"GET /upload/img/1745462388292.jpg HTTP/1.1" 200 88724
"GET /upload/img/1745462428866.jpg HTTP/1.1" 200 76083
"GET /upload/img/1745462412737.jpg HTTP/1.1" 200 62776
"GET /upload/img/1747118959809.jpg HTTP/1.1" 200 693380
"GET /myapp/index/home/section HTTP/1.1" 200 4959
"GET /myapp/index/common/section HTTP/1.1" 200 4265
"GET /myapp/index/home/section HTTP/1.1" 200 4959
"GET /myapp/index/common/section HTTP/1.1" 200 4265
"GET /upload/img/1747118774080.jpg HTTP/1.1" 200 144633
"GET /upload/img/1745484496336.jpg HTTP/1.1" 200 676557
"GET /upload/img/1745484510188.jpg HTTP/1.1" 200 316021
"GET /upload/img/1745460011834.jpg HTTP/1.1" 200 166653
"GET /upload/img/1745460019136.jpg HTTP/1.1" 200 117457
"GET /upload/img/1747899216089.jpg HTTP/1.1" 200 30576
"GET /upload/img/1747127404721.jpg HTTP/1.1" 200 44877
"GET /upload/img/1745460949926.jpg HTTP/1.1" 200 648714
"GET /upload/img/1745462544431.jpg HTTP/1.1" 200 72923
"GET /upload/img/1747127398455.jpg HTTP/1.1" 200 48804
"GET /upload/img/1745462520685.jpg HTTP/1.1" 200 79074
"GET /upload/img/1745462508547.jpg HTTP/1.1" 200 67214
"GET /upload/img/1745462388292.jpg HTTP/1.1" 200 88724
"GET /upload/img/1745462380944.jpg HTTP/1.1" 200 91507
"GET /upload/img/1745462395579.jpg HTTP/1.1" 200 67458
"GET /upload/img/1745462412737.jpg HTTP/1.1" 200 62776
"GET /upload/img/1747118959809.jpg HTTP/1.1" 200 693380
"GET /upload/img/1745462428866.jpg HTTP/1.1" 200 76083
"GET /myapp/index/common/section HTTP/1.1" 200 4265
"GET /myapp/index/home/section HTTP/1.1" 200 4959
"GET /myapp/index/home/section HTTP/1.1" 200 4959
"GET /myapp/index/common/section HTTP/1.1" 200 4265
"GET /myapp/index/home/section HTTP/1.0" 200 4959
"GET /myapp/index/home/section HTTP/1.1" 200 4959
"GET /myapp/index/common/section HTTP/1.1" 200 4265
"GET /myapp/index/home/section HTTP/1.1" 200 4959
"GET /myapp/index/common/section HTTP/1.1" 200 4265
"GET /myapp/index/common/section HTTP/1.1" 200 4265
"GET /myapp/index/home/section HTTP/1.1" 200 4959
"GET /myapp/index/thing/section?page=1&pageSize=9 HTTP/1.1" 200 3521
"GET /myapp/index/thing/section?page=1&pageSize=12&searchQuery= HTTP/1.1" 200 3937
"GET /upload/img/1748226242704.jpeg HTTP/1.1" 200 21482
"GET /upload/img/1745462532757.jpg HTTP/1.1" 200 79156
"GET /upload/img/1745462544431.jpg HTTP/1.1" 200 72923
"GET /upload/img/1745462491685.jpg HTTP/1.1" 200 85049
"GET /upload/img/1745462520685.jpg HTTP/1.1" 200 79074
"GET /upload/img/1745462388292.jpg HTTP/1.1" 200 88724
"GET /upload/img/1745462380944.jpg HTTP/1.1" 200 91507
"GET /upload/img/1745462508547.jpg HTTP/1.1" 200 67214
"GET /upload/img/1745462395579.jpg HTTP/1.1" 200 67458
"GET /upload/img/1745462428866.jpg HTTP/1.1" 200 76083
"GET /upload/img/1745462412737.jpg HTTP/1.1" 200 62776
"GET /upload/img/1745462405276.jpg HTTP/1.1" 200 84482
"GET /myapp/index/thing/section?page=1&pageSize=9 HTTP/1.1" 200 3521
"GET /myapp/index/thing/section?page=1&pageSize=12&categoryId=42&searchQuery= HTTP/1.1" 200 2629
"GET /myapp/index/thing/section?page=1&pageSize=12&categoryId=44&searchQuery= HTTP/1.1" 200 2142
"GET /myapp/index/thing/section?page=1&pageSize=9 HTTP/1.1" 200 3521
"GET /myapp/index/thing/section?page=1&pageSize=9 HTTP/1.1" 200 3521
"GET /myapp/index/thing/section?page=1&pageSize=12&categoryId=45&searchQuery= HTTP/1.1" 200 2306
"GET /myapp/index/home/section HTTP/1.1" 200 4959
"GET /myapp/index/common/section HTTP/1.1" 200 4265
"GET /upload/img/1745460011834.jpg HTTP/1.1" 200 166653
"GET /upload/img/1747118774080.jpg HTTP/1.1" 200 144633
"GET /upload/img/1745484510188.jpg HTTP/1.1" 200 316021
"GET /upload/img/1745484496336.jpg HTTP/1.1" 200 676557
"GET /upload/img/1747127398455.jpg HTTP/1.1" 200 48804
"GET /upload/img/1747118959809.jpg HTTP/1.1" 200 693380
"GET /upload/img/1747899216089.jpg HTTP/1.1" 200 30576
"GET /upload/img/1745462388292.jpg HTTP/1.1" 200 88724
"GET /upload/img/1745462508547.jpg HTTP/1.1" 200 67214
"GET /upload/img/1745290377932.jpg HTTP/1.1" 200 37017
"GET /upload/img/1745460949926.jpg HTTP/1.1" 200 648714
"GET /upload/img/1745290367491.jpg HTTP/1.1" 200 36047
"GET /upload/img/1747127404721.jpg HTTP/1.1" 200 44877
"GET /upload/img/1745462544431.jpg HTTP/1.1" 200 72923
"GET /upload/img/1745462520685.jpg HTTP/1.1" 200 79074
"GET /upload/img/1745460019136.jpg HTTP/1.1" 200 117457
"GET /upload/img/1745462428866.jpg HTTP/1.1" 200 76083
"GET /upload/img/1745462412737.jpg HTTP/1.1" 200 62776
"GET /upload/img/1745290373456.jpg HTTP/1.1" 200 34843
"GET /upload/img/1745462380944.jpg HTTP/1.1" 200 91507
"GET /upload/img/1745462395579.jpg HTTP/1.1" 200 67458
"GET /myapp/index/home/section HTTP/1.1" 200 4959
"GET /myapp/index/common/section HTTP/1.1" 200 4265
"GET /upload/img/1747118774080.jpg HTTP/1.1" 200 144633
"GET /upload/img/1745460011834.jpg HTTP/1.1" 200 166653
"GET /upload/img/1745484510188.jpg HTTP/1.1" 200 316021
"GET /upload/img/1745484496336.jpg HTTP/1.1" 200 676557
"GET /upload/img/1745460019136.jpg HTTP/1.1" 200 117457
"GET /upload/img/1747899216089.jpg HTTP/1.1" 200 30576
"GET /upload/img/1745460949926.jpg HTTP/1.1" 200 648714
"GET /upload/img/1747127398455.jpg HTTP/1.1" 200 48804
"GET /upload/img/1747127404721.jpg HTTP/1.1" 200 44877
"GET /upload/img/1747118959809.jpg HTTP/1.1" 200 693380
"GET /myapp/admin/basicGlobal/listInfo HTTP/1.0" 200 611
"POST /myapp/admin/adminLogin HTTP/1.0" 200 53
"POST /myapp/admin/adminLogin HTTP/1.0" 200 53
"POST /myapp/admin/adminLogin HTTP/1.0" 200 53
"GET /myapp/admin/basicGlobal/listInfo HTTP/1.0" 200 611
"POST /myapp/admin/adminLogin HTTP/1.0" 200 53
"POST /myapp/admin/adminLogin HTTP/1.0" 200 53
"POST /myapp/admin/adminLogin HTTP/1.0" 200 332
"POST /myapp/admin/adminLogin HTTP/1.0" 200 332
"GET /myapp/admin/overview/dataCount HTTP/1.0" 200 136
"GET /myapp/admin/overview/count?days=7 HTTP/1.0" 200 102
"GET /myapp/index/home/section HTTP/1.1" 200 4959
"GET /myapp/index/common/section HTTP/1.1" 200 4265
"GET /myapp/index/common/section HTTP/1.1" 200 4265
"GET /myapp/index/home/section HTTP/1.1" 200 4959
"GET /upload/img/1747118774080.jpg HTTP/1.1" 200 144633
"GET /upload/img/1745460011834.jpg HTTP/1.1" 200 166653
"GET /upload/img/1745484510188.jpg HTTP/1.1" 200 316021
"GET /upload/img/1745484496336.jpg HTTP/1.1" 200 676557
"GET /upload/img/1747127398455.jpg HTTP/1.1" 200 48804
"GET /upload/img/1745460949926.jpg HTTP/1.1" 200 648714
"GET /upload/img/1747899216089.jpg HTTP/1.1" 200 30576
"GET /upload/img/1747127404721.jpg HTTP/1.1" 200 44877
"GET /upload/img/1745460019136.jpg HTTP/1.1" 200 117457
"GET /upload/img/1745462544431.jpg HTTP/1.1" 200 72923
"GET /upload/img/1745462520685.jpg HTTP/1.1" 200 79074
"GET /upload/img/1745462508547.jpg HTTP/1.1" 200 67214
"GET /upload/img/1745462380944.jpg HTTP/1.1" 200 91507
"GET /upload/img/1745462388292.jpg HTTP/1.1" 200 88724
"GET /upload/img/1745462395579.jpg HTTP/1.1" 200 67458
"GET /upload/img/1745462428866.jpg HTTP/1.1" 200 76083
"GET /upload/img/1745462412737.jpg HTTP/1.1" 200 62776
"GET /upload/img/1747118959809.jpg HTTP/1.1" 200 693380
"GET /myapp/admin/user/list HTTP/1.0" 200 708
"GET /myapp/index/common/section HTTP/1.1" 200 4265
"GET /myapp/index/home/section HTTP/1.1" 200 4959
"GET /upload/img/1747118774080.jpg HTTP/1.1" 200 144633
"GET /upload/img/1745484496336.jpg HTTP/1.1" 200 676557
"GET /upload/img/1745484510188.jpg HTTP/1.1" 200 316021
"GET /upload/img/1747899216089.jpg HTTP/1.1" 200 30576
"GET /upload/img/1745460019136.jpg HTTP/1.1" 200 117457
"GET /upload/img/1747127398455.jpg HTTP/1.1" 200 48804
"GET /upload/img/1745460011834.jpg HTTP/1.1" 200 166653
"GET /upload/img/1747127404721.jpg HTTP/1.1" 200 44877
"GET /upload/img/1745460949926.jpg HTTP/1.1" 200 648714
"GET /upload/img/1747118959809.jpg HTTP/1.1" 200 693380
"GET /upload/img/1745290367491.jpg HTTP/1.1" 200 36047
"GET /upload/img/1745290377932.jpg HTTP/1.1" 200 37017
"GET /upload/img/1745290373456.jpg HTTP/1.1" 200 34843
"GET /upload/img/1745460011834.jpg HTTP/1.1" 200 166653
"GET /upload/img/1745460019136.jpg HTTP/1.1" 200 117457
"POST /myapp/admin/user/delete HTTP/1.0" 200 41
"GET /myapp/admin/user/list HTTP/1.0" 200 544
"POST /myapp/admin/user/delete HTTP/1.0" 200 41
"GET /myapp/admin/user/list HTTP/1.0" 200 381
"POST /myapp/admin/user/delete HTTP/1.0" 200 41
"GET /myapp/admin/user/list HTTP/1.0" 200 217
"GET /myapp/admin/opLog/list?page=1&pageSize=10&keyword= HTTP/1.0" 200 1628
"GET /myapp/admin/user/list HTTP/1.0" 200 217
"GET /myapp/admin/basicSite/list HTTP/1.0" 200 428
"GET /myapp/index/common/section HTTP/1.1" 200 4265
"GET /myapp/index/home/section HTTP/1.1" 200 4959
"GET /myapp/index/common/section HTTP/1.1" 200 4265
"GET /myapp/index/home/section HTTP/1.1" 200 4959
"GET /upload/img/1745460011834.jpg HTTP/1.1" 200 166653
"GET /upload/img/1745484510188.jpg HTTP/1.1" 200 316021
"GET /upload/img/1747118774080.jpg HTTP/1.1" 200 144633
"GET /upload/img/1745484496336.jpg HTTP/1.1" 200 676557
"GET /upload/img/1745460019136.jpg HTTP/1.1" 200 117457
"GET /upload/img/1747899216089.jpg HTTP/1.1" 200 30576
"GET /upload/img/1745460949926.jpg HTTP/1.1" 200 648714
"GET /upload/img/1747127398455.jpg HTTP/1.1" 200 48804
"GET /upload/img/1745462544431.jpg HTTP/1.1" 200 72923
"GET /upload/img/1745462508547.jpg HTTP/1.1" 200 67214
"GET /upload/img/1747127404721.jpg HTTP/1.1" 200 44877
"GET /upload/img/1745462520685.jpg HTTP/1.1" 200 79074
"GET /upload/img/1745462380944.jpg HTTP/1.1" 200 91507
"GET /upload/img/1745462388292.jpg HTTP/1.1" 200 88724
"GET /upload/img/1745462395579.jpg HTTP/1.1" 200 67458
"GET /upload/img/1745462428866.jpg HTTP/1.1" 200 76083
"GET /upload/img/1747118959809.jpg HTTP/1.1" 200 693380
"GET /upload/img/1745462412737.jpg HTTP/1.1" 200 62776
"POST /myapp/admin/cdn/uploadLogoImg HTTP/1.0" 200 31
"GET /myapp/index/home/section HTTP/1.1" 200 4959
"GET /myapp/index/common/section HTTP/1.1" 200 4265
"POST /myapp/admin/basicSite/update HTTP/1.0" 200 417
"GET /myapp/admin/basicSite/list HTTP/1.0" 200 417
"GET /myapp/index/common/section HTTP/1.1" 200 4243
"GET /myapp/index/home/section HTTP/1.1" 200 4959
"GET /upload/img/1745460011834.jpg HTTP/1.1" 200 166653
"GET /upload/img/1747118774080.jpg HTTP/1.1" 200 144633
"GET /upload/img/1745460019136.jpg HTTP/1.1" 200 117457
"GET /upload/img/1745484510188.jpg HTTP/1.1" 200 316021
"GET /upload/img/1745484496336.jpg HTTP/1.1" 200 676557
"GET /myapp/index/home/section HTTP/1.1" 200 4959
"GET /myapp/index/common/section HTTP/1.1" 200 4243
"GET /upload/img/1747899216089.jpg HTTP/1.1" 200 30576
"GET /upload/img/1747127398455.jpg HTTP/1.1" 200 48804
"GET /upload/img/1747127404721.jpg HTTP/1.1" 200 44877
"GET /upload/img/1745460949926.jpg HTTP/1.1" 200 648714
"GET /upload/img/1745462520685.jpg HTTP/1.1" 200 79074
"GET /upload/img/1745462544431.jpg HTTP/1.1" 200 72923
"GET /upload/img/1745462508547.jpg HTTP/1.1" 200 67214
"GET /upload/img/1745462380944.jpg HTTP/1.1" 200 91507
"GET /upload/img/1745462388292.jpg HTTP/1.1" 200 88724
"GET /upload/img/1745462395579.jpg HTTP/1.1" 200 67458
"GET /upload/img/1745462412737.jpg HTTP/1.1" 200 62776
"GET /upload/img/1747118959809.jpg HTTP/1.1" 200 693380
"GET /upload/img/1745462428866.jpg HTTP/1.1" 200 76083
"GET /myapp/index/common/section HTTP/1.1" 200 4243
"GET /myapp/index/home/section HTTP/1.1" 200 4959
"GET /myapp/index/home/section HTTP/1.1" 200 4959
"GET /myapp/index/common/section HTTP/1.1" 200 4243
"GET /upload/img/1745290367491.jpg HTTP/1.1" 200 36047
"GET /upload/img/1745290377932.jpg HTTP/1.1" 200 37017
"GET /upload/img/1745290373456.jpg HTTP/1.1" 200 34843
"GET /myapp/admin/basicSite/list HTTP/1.0" 200 417
"GET /myapp/index/home/section HTTP/1.1" 200 4959
"GET /myapp/index/common/section HTTP/1.1" 200 4243
"GET /upload/img/1745460011834.jpg HTTP/1.1" 200 166653
"GET /upload/img/1747118774080.jpg HTTP/1.1" 200 144633
"GET /upload/img/1745484496336.jpg HTTP/1.1" 200 676557
"GET /upload/img/1745460019136.jpg HTTP/1.1" 200 117457
"GET /upload/img/1745484510188.jpg HTTP/1.1" 200 316021
"GET /upload/img/1747899216089.jpg HTTP/1.1" 200 30576
"GET /upload/img/1745460949926.jpg HTTP/1.1" 200 648714
"GET /upload/img/1747127398455.jpg HTTP/1.1" 200 48804
"GET /upload/img/1747127404721.jpg HTTP/1.1" 200 44877
"GET /upload/img/1745462544431.jpg HTTP/1.1" 200 72923
"GET /upload/img/1745462520685.jpg HTTP/1.1" 200 79074
"GET /upload/img/1745462508547.jpg HTTP/1.1" 200 67214
"GET /upload/img/1745462395579.jpg HTTP/1.1" 200 67458
"GET /upload/img/1745462388292.jpg HTTP/1.1" 200 88724
"GET /upload/img/1745462380944.jpg HTTP/1.1" 200 91507
"GET /upload/img/1745462412737.jpg HTTP/1.1" 200 62776
"GET /upload/img/1745462428866.jpg HTTP/1.1" 200 76083
"GET /upload/img/1745290373456.jpg HTTP/1.1" 200 34843
"GET /upload/img/1745290367491.jpg HTTP/1.1" 200 36047
"GET /upload/img/1747118959809.jpg HTTP/1.1" 200 693380
"GET /upload/img/1745290377932.jpg HTTP/1.1" 200 37017
"GET /myapp/index/home/section HTTP/1.1" 200 4959
"GET /myapp/index/common/section HTTP/1.1" 200 4243
"GET /myapp/index/thing/section?page=1&pageSize=12&searchQuery= HTTP/1.1" 200 3937
"GET /myapp/index/thing/section?page=1&pageSize=9 HTTP/1.1" 200 3521
"GET /upload/img/1745462544431.jpg HTTP/1.1" 200 72923
"GET /upload/img/1748226242704.jpeg HTTP/1.1" 200 21482
"GET /upload/img/1745462532757.jpg HTTP/1.1" 200 79156
"GET /upload/img/1745462508547.jpg HTTP/1.1" 200 67214
"GET /upload/img/1745462520685.jpg HTTP/1.1" 200 79074
"GET /upload/img/1745462388292.jpg HTTP/1.1" 200 88724
"GET /upload/img/1745462491685.jpg HTTP/1.1" 200 85049
"GET /upload/img/1745462395579.jpg HTTP/1.1" 200 67458
"GET /upload/img/1745462380944.jpg HTTP/1.1" 200 91507
"GET /upload/img/1745462405276.jpg HTTP/1.1" 200 84482
"GET /upload/img/1745462412737.jpg HTTP/1.1" 200 62776
"GET /upload/img/1745462428866.jpg HTTP/1.1" 200 76083
"GET /myapp/index/about/section HTTP/1.1" 200 4216
"GET /upload/img/1749538547679.jpg HTTP/1.1" 200 535714
"GET /upload/img/1747118959809.jpg HTTP/1.1" 200 693380
"GET /upload/img/1745548221305.jpg HTTP/1.1" 200 422867
"GET /upload/img/1745053949716.png HTTP/1.1" 200 1645870
"GET /upload/img/1747478386684.jpg HTTP/1.1" 200 39355
"GET /upload/img/1749285451165.jpg HTTP/1.1" 200 95123
"GET /upload/img/1747478281945.jpg HTTP/1.1" 200 28515
"GET /upload/img/1747478238408.jpg HTTP/1.1" 200 20721
"GET /myapp/index/contact/section HTTP/1.1" 200 1614
"GET /upload/img/1749538555679.jpg HTTP/1.1" 200 298026
"GET /upload/img/1745462508547.jpg HTTP/1.1" 200 67214
"GET /upload/img/1745462388292.jpg HTTP/1.1" 200 88724
"GET /upload/img/1745462544431.jpg HTTP/1.1" 200 72923
"GET /upload/img/1745462395579.jpg HTTP/1.1" 200 67458
"GET /myapp/index/contact/section HTTP/1.1" 200 1614
"GET /myapp/index/about/section HTTP/1.1" 200 4216
"GET /upload/img/1747478386684.jpg HTTP/1.1" 200 39355
"GET /upload/img/1747478238408.jpg HTTP/1.1" 200 20721
"GET /upload/img/1747478281945.jpg HTTP/1.1" 200 28515
"GET /upload/img/1747478339542.jpg HTTP/1.1" 200 36172
"GET /upload/img/1747478254293.jpg HTTP/1.1" 200 21265
"GET /upload/img/1747478349368.jpg HTTP/1.1" 200 15884
"GET /upload/img/1747119220756.jpg HTTP/1.1" 200 156344
"GET /upload/img/1747119224816.jpg HTTP/1.1" 200 158761
"GET /upload/img/1747119228932.jpg HTTP/1.1" 200 153622
"GET /upload/img/1747119237581.jpg HTTP/1.1" 200 159551
"GET /upload/img/1749284325689.jpg HTTP/1.1" 200 159551
"GET /upload/img/1749284339181.jpg HTTP/1.1" 200 153622
"GET /upload/img/1749284333480.jpg HTTP/1.1" 200 156344
"GET /upload/img/1749284345883.jpg HTTP/1.1" 200 158761
"GET /upload/img/1749285458687.jpg HTTP/1.1" 200 94457
"GET /upload/img/1749285462478.jpg HTTP/1.1" 200 84188
"GET /upload/img/1749285465637.jpg HTTP/1.1" 200 188623
"GET /upload/img/1749304055336.jpg HTTP/1.1" 200 278175
"GET /upload/img/1749304060084.jpg HTTP/1.1" 200 334880
"GET /myapp/index/thing/section?page=1&pageSize=12&searchQuery= HTTP/1.1" 200 3937
"GET /myapp/index/thing/section?page=1&pageSize=9 HTTP/1.1" 200 3521
"GET /upload/img/1748226242704.jpeg HTTP/1.1" 200 21482
"GET /upload/img/1745462532757.jpg HTTP/1.1" 200 79156
"GET /upload/img/1745462544431.jpg HTTP/1.1" 200 72923
"GET /upload/img/1745462508547.jpg HTTP/1.1" 200 67214
"GET /upload/img/1745462520685.jpg HTTP/1.1" 200 79074
"GET /upload/img/1745462380944.jpg HTTP/1.1" 200 91507
"GET /upload/img/1745462491685.jpg HTTP/1.1" 200 85049
"GET /upload/img/1745462388292.jpg HTTP/1.1" 200 88724
"GET /upload/img/1745462412737.jpg HTTP/1.1" 200 62776
"GET /upload/img/1745462395579.jpg HTTP/1.1" 200 67458
"GET /upload/img/1745462405276.jpg HTTP/1.1" 200 84482
"GET /upload/img/1745462428866.jpg HTTP/1.1" 200 76083
"GET /myapp/index/thing/section?page=1&pageSize=12&categoryId=40&searchQuery= HTTP/1.1" 200 2456
"GET /myapp/index/thing/section?page=1&pageSize=9 HTTP/1.1" 200 3521
"GET /myapp/index/home/section HTTP/1.1" 200 4959
"GET /myapp/index/home/section HTTP/1.1" 200 4959
"GET /myapp/index/common/section HTTP/1.1" 200 4243
"GET /upload/img/1745460011834.jpg HTTP/1.1" 200 166653
"GET /upload/img/1747118774080.jpg HTTP/1.1" 200 144633
"GET /upload/img/1745484510188.jpg HTTP/1.1" 200 316021
"GET /upload/img/1745484496336.jpg HTTP/1.1" 200 676557
"GET /myapp/index/home/section HTTP/1.1" 200 4959
"GET /myapp/index/common/section HTTP/1.1" 200 4243
"GET /upload/img/1745484510188.jpg HTTP/1.1" 200 316021
"GET /upload/img/1745460011834.jpg HTTP/1.1" 200 166653
"GET /upload/img/1747118774080.jpg HTTP/1.1" 200 144633
"GET /upload/img/1745460949926.jpg HTTP/1.1" 200 648714
"GET /upload/img/1745460019136.jpg HTTP/1.1" 200 117457
"GET /upload/img/1747127398455.jpg HTTP/1.1" 200 48804
"GET /upload/img/1747899216089.jpg HTTP/1.1" 200 30576
"GET /upload/img/1745484496336.jpg HTTP/1.1" 200 676557
"GET /upload/img/1747127404721.jpg HTTP/1.1" 200 44877
"GET /upload/img/1745462508547.jpg HTTP/1.1" 200 67214
"GET /upload/img/1745462395579.jpg HTTP/1.1" 200 67458
"GET /upload/img/1745462380944.jpg HTTP/1.1" 200 91507
"GET /upload/img/1745460019136.jpg HTTP/1.1" 200 117457
"GET /upload/img/1745462412737.jpg HTTP/1.1" 200 62776
"GET /upload/img/1745462544431.jpg HTTP/1.1" 200 72923
"GET /upload/img/1745462520685.jpg HTTP/1.1" 200 79074
"GET /upload/img/1745462428866.jpg HTTP/1.1" 200 76083
"GET /upload/img/1745462388292.jpg HTTP/1.1" 200 88724
"GET /myapp/admin/basicTdk/list HTTP/1.0" 200 2470
"GET /myapp/admin/basicBanner/list HTTP/1.0" 200 272
"GET /myapp/admin/basicGlobal/list HTTP/1.0" 200 611
"GET /myapp/index/common/section HTTP/1.1" 200 4243
"GET /myapp/index/home/section HTTP/1.1" 200 4959
"GET /upload/img/1747118959809.jpg HTTP/1.1" 200 693380
"GET /upload/img/1745290377932.jpg HTTP/1.1" 200 37017
"GET /upload/img/1745290373456.jpg HTTP/1.1" 200 34843
"GET /upload/img/1745290367491.jpg HTTP/1.1" 200 36047
"GET /myapp/index/contact/section HTTP/1.1" 200 1614
"GET /upload/img/1745462544431.jpg HTTP/1.1" 200 72923
"GET /upload/img/1745462508547.jpg HTTP/1.1" 200 67214
"GET /upload/img/1745462388292.jpg HTTP/1.1" 200 88724
"GET /upload/img/1745462395579.jpg HTTP/1.1" 200 67458
"GET /myapp/admin/basicAdditional/list HTTP/1.0" 200 2510
"GET /myapp/admin/advantage/list?page=1&pageSize=10 HTTP/1.0" 200 1546
"GET /myapp/index/home/section HTTP/1.1" 200 4959
"GET /myapp/index/about/section HTTP/1.1" 200 4216
"GET /upload/img/1747478386684.jpg HTTP/1.1" 200 39355
"GET /upload/img/1747478281945.jpg HTTP/1.1" 200 28515
"GET /upload/img/1747478238408.jpg HTTP/1.1" 200 20721
"GET /upload/img/1747478339542.jpg HTTP/1.1" 200 36172
"GET /upload/img/1747478349368.jpg HTTP/1.1" 200 15884
"GET /upload/img/1747478254293.jpg HTTP/1.1" 200 21265
"GET /upload/img/1747119220756.jpg HTTP/1.1" 200 156344
"GET /upload/img/1747119224816.jpg HTTP/1.1" 200 158761
"GET /upload/img/1747119228932.jpg HTTP/1.1" 200 153622
"GET /upload/img/1747119237581.jpg HTTP/1.1" 200 159551
"GET /upload/img/1749284325689.jpg HTTP/1.1" 200 159551
"GET /upload/img/1749284339181.jpg HTTP/1.1" 200 153622
"GET /upload/img/1749284333480.jpg HTTP/1.1" 200 156344
"GET /upload/img/1749284345883.jpg HTTP/1.1" 200 158761
"GET /upload/img/1749285458687.jpg HTTP/1.1" 200 94457
"GET /upload/img/1749285465637.jpg HTTP/1.1" 200 188623
"GET /upload/img/1749285462478.jpg HTTP/1.1" 200 84188
"GET /upload/img/1749304055336.jpg HTTP/1.1" 200 278175
"GET /upload/img/1749304060084.jpg HTTP/1.1" 200 334880
"GET /myapp/admin/comment/list?page=1&pageSize=10 HTTP/1.0" 200 927
"GET /myapp/index/common/section HTTP/1.1" 200 4243
"GET /myapp/index/contact/section HTTP/1.1" 200 1614
"GET /upload/img/1749538555679.jpg HTTP/1.1" 200 298026
"GET /upload/img/1745462544431.jpg HTTP/1.1" 200 72923
"GET /upload/img/1745462508547.jpg HTTP/1.1" 200 67214
"GET /upload/img/1745462395579.jpg HTTP/1.1" 200 67458
"GET /upload/img/1745462388292.jpg HTTP/1.1" 200 88724
"GET /myapp/index/home/section HTTP/1.1" 200 4959
"GET /upload/img/1745460011834.jpg HTTP/1.1" 200 166653
"GET /upload/img/1747118774080.jpg HTTP/1.1" 200 144633
"GET /upload/img/1745484510188.jpg HTTP/1.1" 200 316021
"GET /upload/img/1745484496336.jpg HTTP/1.1" 200 676557
"GET /upload/img/1747127404721.jpg HTTP/1.1" 200 44877
"GET /upload/img/1747899216089.jpg HTTP/1.1" 200 30576
"GET /upload/img/1747127398455.jpg HTTP/1.1" 200 48804
"GET /upload/img/1745460949926.jpg HTTP/1.1" 200 648714
"GET /upload/img/1745460019136.jpg HTTP/1.1" 200 117457
"GET /upload/img/1745462544431.jpg HTTP/1.1" 200 72923
"GET /upload/img/1745462508547.jpg HTTP/1.1" 200 67214
"GET /upload/img/1745462520685.jpg HTTP/1.1" 200 79074
"GET /upload/img/1745462380944.jpg HTTP/1.1" 200 91507
"GET /upload/img/1745462388292.jpg HTTP/1.1" 200 88724
"GET /upload/img/1745462395579.jpg HTTP/1.1" 200 67458
"GET /upload/img/1745462412737.jpg HTTP/1.1" 200 62776
"GET /upload/img/1747118959809.jpg HTTP/1.1" 200 693380
"GET /upload/img/1745462428866.jpg HTTP/1.1" 200 76083
"GET /upload/img/1745290367491.jpg HTTP/1.1" 200 36047
"GET /upload/img/1745290377932.jpg HTTP/1.1" 200 37017
"GET /upload/img/1745290373456.jpg HTTP/1.1" 200 34843
"GET /myapp/index/thing/section?page=1&pageSize=12&searchQuery= HTTP/1.1" 200 3937
"GET /myapp/index/thing/section?page=1&pageSize=9 HTTP/1.1" 200 3521
"GET /upload/img/1745462520685.jpg HTTP/1.1" 200 79074
"GET /upload/img/1748226242704.jpeg HTTP/1.1" 200 21482
"GET /upload/img/1745462508547.jpg HTTP/1.1" 200 67214
"GET /upload/img/1745462544431.jpg HTTP/1.1" 200 72923
"GET /upload/img/1745462532757.jpg HTTP/1.1" 200 79156
"GET /upload/img/1745462395579.jpg HTTP/1.1" 200 67458
"GET /upload/img/1745462428866.jpg HTTP/1.1" 200 76083
"GET /upload/img/1745462405276.jpg HTTP/1.1" 200 84482
"GET /upload/img/1745462388292.jpg HTTP/1.1" 200 88724
"GET /upload/img/1745462491685.jpg HTTP/1.1" 200 85049
"GET /upload/img/1745462412737.jpg HTTP/1.1" 200 62776
"GET /upload/img/1745462380944.jpg HTTP/1.1" 200 91507
"GET /myapp/index/about/section HTTP/1.1" 200 4216
"GET /upload/img/1749538547679.jpg HTTP/1.1" 200 535714
"GET /upload/img/1747118959809.jpg HTTP/1.1" 200 693380
"GET /upload/img/1749285451165.jpg HTTP/1.1" 200 95123
"GET /upload/img/1745053949716.png HTTP/1.1" 200 1645870
"GET /upload/img/1745548221305.jpg HTTP/1.1" 200 422867
"GET /upload/img/1747478349368.jpg HTTP/1.1" 200 15884
"GET /upload/img/1747478281945.jpg HTTP/1.1" 200 28515
"GET /upload/img/1747478339542.jpg HTTP/1.1" 200 36172
"GET /upload/img/1747478254293.jpg HTTP/1.1" 200 21265
"GET /upload/img/1747478386684.jpg HTTP/1.1" 200 39355
"GET /upload/img/1747119220756.jpg HTTP/1.1" 200 156344
"GET /upload/img/1747119224816.jpg HTTP/1.1" 200 158761
"GET /upload/img/1747478238408.jpg HTTP/1.1" 200 20721
"GET /upload/img/1747119228932.jpg HTTP/1.1" 200 153622
"GET /upload/img/1749284345883.jpg HTTP/1.1" 200 158761
"GET /upload/img/1749284333480.jpg HTTP/1.1" 200 156344
"GET /upload/img/1749284325689.jpg HTTP/1.1" 200 159551
"GET /upload/img/1749284339181.jpg HTTP/1.1" 200 153622
"GET /upload/img/1747119237581.jpg HTTP/1.1" 200 159551
"GET /myapp/index/contact/section HTTP/1.1" 200 1614
"GET /myapp/index/home/section HTTP/1.1" 200 4959
"GET /myapp/index/common/section HTTP/1.1" 200 4243
"GET /myapp/index/home/section HTTP/1.1" 200 4959
"GET /upload/img/1745484510188.jpg HTTP/1.1" 200 316021
"GET /upload/img/1745460011834.jpg HTTP/1.1" 200 166653
"GET /upload/img/1747118774080.jpg HTTP/1.1" 200 144633
"GET /upload/img/1745484496336.jpg HTTP/1.1" 200 676557
"GET /upload/img/1747899216089.jpg HTTP/1.1" 200 30576
"GET /upload/img/1747127398455.jpg HTTP/1.1" 200 48804
"GET /upload/img/1747127404721.jpg HTTP/1.1" 200 44877
"GET /upload/img/1745460949926.jpg HTTP/1.1" 200 648714
"GET /upload/img/1745460019136.jpg HTTP/1.1" 200 117457
"GET /upload/img/1747118959809.jpg HTTP/1.1" 200 693380
"GET /upload/img/1745290367491.jpg HTTP/1.1" 200 36047
"GET /upload/img/1745290373456.jpg HTTP/1.1" 200 34843
"GET /upload/img/1745290377932.jpg HTTP/1.1" 200 37017
"GET /myapp/index/common/section HTTP/1.1" 200 4243
"GET /myapp/index/home/section HTTP/1.1" 200 4959
"GET /upload/img/1745460011834.jpg HTTP/1.1" 200 166653
"GET /upload/img/1745484496336.jpg HTTP/1.1" 200 676557
"GET /upload/img/1745484510188.jpg HTTP/1.1" 200 316021
"GET /upload/img/1747118774080.jpg HTTP/1.1" 200 144633
"GET /upload/img/1745460019136.jpg HTTP/1.1" 200 117457
"GET /upload/img/1745462544431.jpg HTTP/1.1" 200 72923
"GET /upload/img/1745462508547.jpg HTTP/1.1" 200 67214
"GET /upload/img/1745462380944.jpg HTTP/1.1" 200 91507
"GET /myapp/admin/overview/dataCount HTTP/1.0" 200 136
"GET /myapp/admin/overview/count?days=7 HTTP/1.0" 200 103
"GET /upload/img/1745462388292.jpg HTTP/1.1" 200 88724
"GET /upload/img/1745462520685.jpg HTTP/1.1" 200 79074
"GET /upload/img/1745462395579.jpg HTTP/1.1" 200 67458
"GET /upload/img/1745462412737.jpg HTTP/1.1" 200 62776
"GET /myapp/admin/thing/list?page=1&pageSize=10&keyword= HTTP/1.0" 200 41325
"GET /upload/img/1745462428866.jpg HTTP/1.1" 200 76083
"GET /myapp/admin/category/list HTTP/1.0" 200 1141
"GET /upload/img/1747899216089.jpg HTTP/1.1" 200 30576
"GET /upload/img/1747127398455.jpg HTTP/1.1" 200 48804
"GET /upload/img/1745460019136.jpg HTTP/1.1" 200 117457
"GET /upload/img/1747127404721.jpg HTTP/1.1" 200 44877
"GET /upload/img/1745462544431.jpg HTTP/1.1" 200 72923
"GET /upload/img/1745460949926.jpg HTTP/1.1" 200 648714
"GET /myapp/admin/news/list?page=1&pageSize=10&keyword= HTTP/1.0" 200 62770
"GET /myapp/admin/user/list HTTP/1.0" 200 217
"GET /myapp/admin/basicSite/list HTTP/1.0" 200 417
"GET /myapp/admin/basicBanner/list HTTP/1.0" 200 272
"GET /myapp/admin/basicTdk/list HTTP/1.0" 200 2470
"GET /myapp/admin/inquiry/list?page=1&pageSize=10 HTTP/1.0" 200 1827
"GET /myapp/admin/faq/list?page=1&pageSize=10 HTTP/1.0" 200 3627
"GET /myapp/admin/download/list?page=1&pageSize=10&keyword= HTTP/1.0" 200 1273
"GET /myapp/admin/case/list?page=1&pageSize=10&keyword= HTTP/1.0" 200 23177
"GET /myapp/admin/news/list?page=1&pageSize=10&keyword= HTTP/1.0" 200 62770
"GET /myapp/admin/thing/list?page=1&pageSize=10&keyword= HTTP/1.0" 200 41325
"GET /myapp/admin/category/list HTTP/1.0" 200 1141
"GET /myapp/admin/overview/count?days=7 HTTP/1.0" 200 103
"GET /myapp/admin/overview/dataCount HTTP/1.0" 200 136
"GET /myapp/admin/opLog/list?page=1&pageSize=10&keyword= HTTP/1.0" 200 1645
"GET /myapp/admin/overview/count?days=7 HTTP/1.0" 200 103
"GET /myapp/admin/overview/dataCount HTTP/1.0" 200 136
"GET /myapp/index/common/section HTTP/1.1" 200 4243
"GET /myapp/index/home/section HTTP/1.1" 200 4959
"GET /upload/img/1745460011834.jpg HTTP/1.1" 200 166653
"GET /upload/img/1747118774080.jpg HTTP/1.1" 200 144633
"GET /upload/img/1745484510188.jpg HTTP/1.1" 200 316021
"GET /upload/img/1745484496336.jpg HTTP/1.1" 200 676557
"GET /upload/img/1747899216089.jpg HTTP/1.1" 200 30576
"GET /upload/img/1747127404721.jpg HTTP/1.1" 200 44877
"GET /upload/img/1747127398455.jpg HTTP/1.1" 200 48804
"GET /upload/img/1745460949926.jpg HTTP/1.1" 200 648714
"GET /upload/img/1745462520685.jpg HTTP/1.1" 200 79074
"GET /upload/img/1745460019136.jpg HTTP/1.1" 200 117457
"GET /upload/img/1745462380944.jpg HTTP/1.1" 200 91507
"GET /upload/img/1745462508547.jpg HTTP/1.1" 200 67214
"GET /upload/img/1745462544431.jpg HTTP/1.1" 200 72923
"GET /upload/img/1745462412737.jpg HTTP/1.1" 200 62776
"GET /upload/img/1745462395579.jpg HTTP/1.1" 200 67458
"GET /upload/img/1745462388292.jpg HTTP/1.1" 200 88724
"GET /upload/img/1745462428866.jpg HTTP/1.1" 200 76083
"GET /upload/img/1745290367491.jpg HTTP/1.1" 200 36047
"GET /upload/img/1745290373456.jpg HTTP/1.1" 200 34843
"GET /upload/img/1747118959809.jpg HTTP/1.1" 200 693380
"GET /upload/img/1745290377932.jpg HTTP/1.1" 200 37017
"GET /myapp/index/common/section HTTP/1.1" 200 4243
"GET /myapp/index/home/section HTTP/1.1" 200 4959
"GET /myapp/index/common/section HTTP/1.1" 200 4243
"GET /myapp/index/home/section HTTP/1.1" 200 4959
"GET /upload/img/1745462508547.jpg HTTP/1.1" 200 67214
"GET /upload/img/1745462508547.jpg HTTP/1.1" 200 67214
"GET /myapp/index/common/section HTTP/1.1" 200 4243
"GET /myapp/index/home/section HTTP/1.1" 200 4959
"GET /myapp/index/home/section HTTP/1.0" 200 4959
"GET /myapp/index/common/section HTTP/1.1" 200 4243
"GET /myapp/index/home/section HTTP/1.1" 200 4959
"GET /myapp/index/common/section HTTP/1.1" 200 4243
"GET /myapp/index/home/section HTTP/1.1" 200 4959
"GET /myapp/index/common/section HTTP/1.1" 200 4243
"GET /myapp/index/home/section HTTP/1.1" 200 4959
"GET /myapp/index/home/section HTTP/1.0" 200 4959
"GET /myapp/index/home/section HTTP/1.1" 200 4959
"GET /myapp/index/common/section HTTP/1.1" 200 4243
"GET /myapp/index/common/section HTTP/1.1" 200 4243
"GET /myapp/index/thing/detail?id=36 HTTP/1.1" 200 4231
"GET /myapp/index/common/section HTTP/1.1" 200 4243
"GET /myapp/index/common/section HTTP/1.1" 200 4243
"GET /myapp/index/common/section HTTP/1.1" 200 4243
"GET /myapp/index/common/section HTTP/1.1" 200 4243
"GET /myapp/index/common/section HTTP/1.1" 200 4243
"GET /myapp/index/news/detail?id=6 HTTP/1.1" 200 24004
"GET /myapp/index/common/section HTTP/1.1" 200 4243
"GET /myapp/index/common/section HTTP/1.1" 200 4243
"GET /myapp/index/common/section HTTP/1.1" 200 4243
"GET /myapp/index/common/section HTTP/1.1" 200 4243
"GET /myapp/index/common/section HTTP/1.1" 200 4243
"GET /myapp/index/thing/detail?id=39 HTTP/1.1" 200 5504
"GET /myapp/index/common/section HTTP/1.1" 200 4243
"GET /myapp/index/common/section HTTP/1.1" 200 4243
"GET /myapp/index/common/section HTTP/1.1" 200 4243
"GET /myapp/index/about/section HTTP/1.1" 200 4216
"GET /myapp/index/thing/detail?id=37 HTTP/1.1" 200 5413
"GET /myapp/index/thing/detail?id=34 HTTP/1.1" 200 4700
"GET /myapp/index/thing/section?page=1&pageSize=12&categoryId=48&searchQuery= HTTP/1.1" 200 2142
"GET /myapp/index/thing/section?page=1&pageSize=12&categoryId=42&searchQuery= HTTP/1.1" 200 2629
"GET /myapp/index/thing/section?page=1&pageSize=12&categoryId=47&searchQuery= HTTP/1.1" 200 2142
"GET /myapp/index/news/detail?id=7 HTTP/1.1" 200 23982
"GET /myapp/index/common/section HTTP/1.1" 200 4243
"GET /myapp/index/thing/section?page=1&pageSize=12&categoryId=8&searchQuery= HTTP/1.1" 200 2455
"GET /myapp/index/thing/section?page=1&pageSize=12&categoryId=41&searchQuery= HTTP/1.1" 200 2431
"GET /myapp/index/thing/section?page=1&pageSize=9 HTTP/1.1" 200 3521
"GET /myapp/index/thing/section?page=1&pageSize=12&categoryId=46&searchQuery= HTTP/1.1" 200 2142
"GET /myapp/index/thing/section?page=1&pageSize=12&categoryId=44&searchQuery= HTTP/1.1" 200 2142
"GET /myapp/index/thing/section?page=1&pageSize=9 HTTP/1.1" 200 3521
"GET /myapp/index/thing/section?page=1&pageSize=9 HTTP/1.1" 200 3521
"GET /myapp/index/thing/section?page=1&pageSize=9 HTTP/1.1" 200 3521
"GET /myapp/index/thing/section?page=1&pageSize=9 HTTP/1.1" 200 3521
"GET /myapp/index/thing/section?page=1&pageSize=9 HTTP/1.1" 200 3521
"GET /myapp/index/thing/section?page=1&pageSize=12&categoryId=43&searchQuery= HTTP/1.1" 200 2315
"GET /myapp/index/thing/section?page=1&pageSize=9 HTTP/1.1" 200 3521
"GET /myapp/index/thing/section?page=1&pageSize=9 HTTP/1.1" 200 3521
"GET /myapp/index/common/section HTTP/1.1" 200 4243
"GET /myapp/index/about/section HTTP/1.1" 200 4216
"GET /myapp/index/common/section HTTP/1.1" 200 4243
"GET /myapp/index/common/section HTTP/1.1" 200 4243
"GET /myapp/index/common/section HTTP/1.1" 200 4243
"GET /myapp/index/common/section HTTP/1.1" 200 4243
"GET /myapp/index/home/section HTTP/1.1" 200 4959
"GET /myapp/index/common/section HTTP/1.1" 200 4243
"GET /myapp/index/thing/detail?id=28 HTTP/1.1" 200 4063
"GET /myapp/index/common/section HTTP/1.1" 200 4243
"GET /myapp/index/common/section HTTP/1.1" 200 4243
"GET /myapp/index/common/section HTTP/1.1" 200 4243
"GET /myapp/index/news/detail?id=5 HTTP/1.1" 200 24007
"GET /myapp/index/thing/detail?id=32 HTTP/1.1" 200 4029
"GET /myapp/index/thing/detail?id=34 HTTP/1.1" 200 4700
"GET /myapp/index/common/section HTTP/1.1" 200 4243
"GET /myapp/index/common/section HTTP/1.1" 200 4243
"GET /myapp/index/common/section HTTP/1.1" 200 4243
"GET /myapp/index/common/section HTTP/1.1" 200 4243
"GET /myapp/index/common/section HTTP/1.1" 200 4243
"GET /myapp/index/common/section HTTP/1.1" 200 4243
"GET /myapp/index/thing/section?page=1&pageSize=12&categoryId=43&searchQuery= HTTP/1.1" 200 2315
"GET /myapp/index/common/section HTTP/1.1" 200 4243
"GET /myapp/index/thing/detail?id=37 HTTP/1.1" 200 5413
"GET /myapp/index/contact/section HTTP/1.1" 200 1614
"GET /myapp/index/thing/section?page=1&pageSize=9 HTTP/1.1" 200 3521
"GET /myapp/index/common/section HTTP/1.1" 200 4243
"GET /myapp/index/thing/section?page=1&pageSize=12&categoryId=45&searchQuery= HTTP/1.1" 200 2306
"GET /myapp/index/common/section HTTP/1.1" 200 4243
"GET /myapp/index/thing/detail?id=36 HTTP/1.1" 200 4231
"GET /myapp/index/common/section HTTP/1.1" 200 4243
"GET /myapp/index/thing/section?page=1&pageSize=12&categoryId=7&searchQuery= HTTP/1.1" 200 2656
"GET /myapp/index/thing/detail?id=33 HTTP/1.1" 200 4063
"GET /myapp/index/thing/section?page=1&pageSize=12&categoryId=41&searchQuery= HTTP/1.1" 200 2431
"GET /myapp/index/thing/detail?id=30 HTTP/1.1" 200 4005
"GET /myapp/index/thing/section?page=1&pageSize=12&categoryId=40&searchQuery= HTTP/1.1" 200 2456
"GET /myapp/index/thing/section?page=1&pageSize=9 HTTP/1.1" 200 3521
"GET /myapp/index/thing/section?page=1&pageSize=9 HTTP/1.1" 200 3521
"GET /myapp/index/thing/section?page=1&pageSize=12&categoryId=48&searchQuery= HTTP/1.1" 200 2142
"GET /myapp/index/thing/section?page=1&pageSize=9 HTTP/1.1" 200 3521
"GET /myapp/index/thing/section?page=1&pageSize=12&categoryId=44&searchQuery= HTTP/1.1" 200 2142
"GET /myapp/index/thing/section?page=1&pageSize=12&searchQuery= HTTP/1.1" 200 3937
"GET /myapp/index/thing/section?page=1&pageSize=9 HTTP/1.1" 200 3521
"GET /myapp/index/thing/section?page=1&pageSize=9 HTTP/1.1" 200 3521
"GET /myapp/index/thing/section?page=1&pageSize=12&categoryId=46&searchQuery= HTTP/1.1" 200 2142
"GET /myapp/index/thing/section?page=1&pageSize=9 HTTP/1.1" 200 3521
"GET /myapp/index/thing/section?page=1&pageSize=9 HTTP/1.1" 200 3521
"GET /myapp/index/common/section HTTP/1.1" 200 4243
"GET /myapp/index/common/section HTTP/1.1" 200 4243
"GET /myapp/index/common/section HTTP/1.1" 200 4243
"GET /myapp/index/news/detail?id=6 HTTP/1.1" 200 24004
"GET /myapp/index/common/section HTTP/1.1" 200 4243
"GET /myapp/index/thing/section?page=1&pageSize=9 HTTP/1.1" 200 3521
"GET /myapp/index/thing/section?page=1&pageSize=12&categoryId=8&searchQuery= HTTP/1.1" 200 2455
"GET /myapp/index/thing/section?page=1&pageSize=12&categoryId=47&searchQuery= HTTP/1.1" 200 2142
"GET /myapp/index/thing/section?page=1&pageSize=12&categoryId=42&searchQuery= HTTP/1.1" 200 2629
"GET /myapp/index/thing/section?page=1&pageSize=9 HTTP/1.1" 200 3521
"GET /myapp/index/thing/section?page=1&pageSize=9 HTTP/1.1" 200 3521
"GET /myapp/index/common/section HTTP/1.1" 200 4243
"GET /myapp/index/thing/section?page=1&pageSize=9 HTTP/1.1" 200 3521
"GET /myapp/index/common/section HTTP/1.1" 200 4243
"GET /myapp/index/thing/detail?id=39 HTTP/1.1" 200 5504
"GET /myapp/index/common/section HTTP/1.1" 200 4243
"GET /myapp/index/home/section HTTP/1.1" 200 4959
"GET /myapp/index/common/section HTTP/1.1" 200 4243
"GET /myapp/index/home/section HTTP/1.1" 200 4959
"GET /myapp/index/home/section HTTP/1.1" 200 4959
"GET /myapp/index/common/section HTTP/1.1" 200 4243
"GET /myapp/index/common/section HTTP/1.1" 200 4243
"GET /myapp/index/home/section HTTP/1.1" 200 4959
"GET /myapp/index/common/section HTTP/1.1" 200 4243
"GET /myapp/index/home/section HTTP/1.1" 200 4959
"GET /myapp/index/common/section HTTP/1.1" 200 4243
"GET /myapp/index/home/section HTTP/1.1" 200 4959
"GET /myapp/index/common/section HTTP/1.1" 200 4243
"GET /myapp/index/home/section HTTP/1.1" 200 4959
"GET /myapp/index/home/section HTTP/1.1" 200 4959
"GET /myapp/index/common/section HTTP/1.1" 200 4243
"GET /myapp/index/common/section HTTP/1.1" 200 4243
"GET /myapp/index/home/section HTTP/1.1" 200 4959
"GET /myapp/index/home/section HTTP/1.1" 200 4959
"GET /myapp/index/common/section HTTP/1.1" 200 4243
"GET /myapp/index/common/section HTTP/1.1" 200 4243
"GET /myapp/index/home/section HTTP/1.1" 200 4959
"GET /myapp/index/home/section HTTP/1.1" 200 4959
"GET /myapp/index/common/section HTTP/1.1" 200 4243
"GET /myapp/index/home/section HTTP/1.1" 200 4959
"GET /myapp/index/common/section HTTP/1.1" 200 4243
"GET /myapp/index/home/section HTTP/1.1" 200 4959
"GET /myapp/index/common/section HTTP/1.1" 200 4243
"GET /myapp/index/home/section HTTP/1.1" 200 4959
"GET /myapp/index/common/section HTTP/1.1" 200 4243
"GET /myapp/index/common/section HTTP/1.1" 200 4243
"GET /myapp/index/home/section HTTP/1.1" 200 4959
"GET /myapp/index/common/section HTTP/1.1" 200 4243
"GET /myapp/index/home/section HTTP/1.1" 200 4959
"GET /myapp/index/common/section HTTP/1.1" 200 4243
"GET /myapp/index/home/section HTTP/1.1" 200 4959
"GET /myapp/index/common/section HTTP/1.1" 200 4243
"GET /myapp/index/home/section HTTP/1.1" 200 4959
"GET /myapp/index/home/section HTTP/1.1" 200 4959
"GET /myapp/index/common/section HTTP/1.1" 200 4243
"GET /myapp/index/home/section HTTP/1.1" 200 4959
"GET /myapp/index/common/section HTTP/1.1" 200 4243
"GET /myapp/index/home/section HTTP/1.1" 200 4959
"GET /myapp/index/common/section HTTP/1.1" 200 4243
"GET /myapp/index/common/section HTTP/1.1" 200 4243
"GET /myapp/index/home/section HTTP/1.1" 200 4959
"GET /myapp/index/common/section HTTP/1.1" 200 4243
"GET /myapp/index/home/section HTTP/1.1" 200 4959
"GET /myapp/index/home/section HTTP/1.1" 200 4959
"GET /myapp/index/common/section HTTP/1.1" 200 4243
"GET /myapp/index/common/section HTTP/1.1" 200 4243
"GET /myapp/index/home/section HTTP/1.1" 200 4959
"GET /myapp/index/common/section HTTP/1.1" 200 4243
"GET /myapp/index/home/section HTTP/1.1" 200 4959
"GET /myapp/index/common/section HTTP/1.1" 200 4243
"GET /myapp/index/home/section HTTP/1.1" 200 4959
"GET /myapp/index/home/section HTTP/1.1" 200 4959
"GET /myapp/index/common/section HTTP/1.1" 200 4243
"GET /myapp/index/common/section HTTP/1.1" 200 4243
"GET /myapp/index/home/section HTTP/1.1" 200 4959
"GET /myapp/index/common/section HTTP/1.1" 200 4243
"GET /myapp/index/home/section HTTP/1.1" 200 4959
"GET /myapp/index/home/section HTTP/1.1" 200 4959
"GET /myapp/index/common/section HTTP/1.1" 200 4243
"GET /myapp/index/home/section HTTP/1.1" 200 4959
"GET /myapp/index/common/section HTTP/1.1" 200 4243
"GET /myapp/index/home/section HTTP/1.1" 200 4959
"GET /myapp/index/common/section HTTP/1.1" 200 4243
"GET /myapp/index/common/section HTTP/1.1" 200 4243
"GET /myapp/index/home/section HTTP/1.1" 200 4959
"GET /myapp/index/home/section HTTP/1.1" 200 4959
"GET /myapp/index/common/section HTTP/1.1" 200 4243
"GET /myapp/index/common/section HTTP/1.1" 200 4243
"GET /myapp/index/home/section HTTP/1.1" 200 4959
"GET /myapp/index/common/section HTTP/1.1" 200 4243
"GET /myapp/index/home/section HTTP/1.1" 200 4959
"GET /myapp/index/common/section HTTP/1.1" 200 4243
"GET /myapp/index/home/section HTTP/1.1" 200 4959
"GET /myapp/index/home/section HTTP/1.1" 200 4959
"GET /myapp/index/common/section HTTP/1.1" 200 4243
"GET /myapp/index/common/section HTTP/1.1" 200 4243
"GET /myapp/index/home/section HTTP/1.1" 200 4959
"GET /myapp/index/home/section HTTP/1.1" 200 4959
"GET /myapp/index/common/section HTTP/1.1" 200 4243
"GET /myapp/index/home/section HTTP/1.1" 200 4959
"GET /myapp/index/common/section HTTP/1.1" 200 4243
"GET /myapp/index/common/section HTTP/1.1" 200 4243
"GET /myapp/index/home/section HTTP/1.1" 200 4959
"GET /myapp/index/home/section HTTP/1.1" 200 4959
"GET /myapp/index/common/section HTTP/1.1" 200 4243
"GET /myapp/index/home/section HTTP/1.1" 200 4959
"GET /myapp/index/common/section HTTP/1.1" 200 4243
"GET /myapp/index/common/section HTTP/1.1" 200 4243
"GET /myapp/index/home/section HTTP/1.1" 200 4959
"GET /myapp/index/home/section HTTP/1.1" 200 4959
"GET /myapp/index/common/section HTTP/1.1" 200 4243
"GET /myapp/index/home/section HTTP/1.1" 200 4959
"GET /myapp/index/common/section HTTP/1.1" 200 4243
"GET /myapp/index/common/section HTTP/1.1" 200 4243
"GET /myapp/index/home/section HTTP/1.1" 200 4959
"GET /myapp/index/home/section HTTP/1.1" 200 4959
"GET /myapp/index/common/section HTTP/1.1" 200 4243
"GET /myapp/index/home/section HTTP/1.1" 200 4959
"GET /myapp/index/common/section HTTP/1.1" 200 4243
"GET /myapp/index/common/section HTTP/1.1" 200 4243
"GET /myapp/index/home/section HTTP/1.1" 200 4959
"GET /myapp/index/common/section HTTP/1.1" 200 4243
"GET /myapp/index/home/section HTTP/1.1" 200 4959
"GET /myapp/index/home/section HTTP/1.1" 200 4959
"GET /myapp/index/common/section HTTP/1.1" 200 4243
"GET /myapp/index/common/section HTTP/1.1" 200 4243
"GET /myapp/index/home/section HTTP/1.1" 200 4959
"GET /myapp/index/home/section HTTP/1.1" 200 4959
"GET /myapp/index/common/section HTTP/1.1" 200 4243
"GET /myapp/index/home/section HTTP/1.1" 200 4959
"GET /myapp/index/common/section HTTP/1.1" 200 4243
"GET /myapp/index/home/section HTTP/1.1" 200 4959
"GET /myapp/index/common/section HTTP/1.1" 200 4243
"GET /myapp/index/home/section HTTP/1.1" 200 4959
"GET /myapp/index/common/section HTTP/1.1" 200 4243
"GET /myapp/index/home/section HTTP/1.1" 200 4959
"GET /myapp/index/common/section HTTP/1.1" 200 4243
"GET /myapp/index/home/section HTTP/1.1" 200 4959
"GET /myapp/index/common/section HTTP/1.1" 200 4243
"GET /myapp/index/home/section HTTP/1.1" 200 4959
"GET /myapp/index/common/section HTTP/1.1" 200 4243
"GET /myapp/index/home/section HTTP/1.1" 200 4959
"GET /myapp/index/common/section HTTP/1.1" 200 4243
"GET /myapp/index/home/section HTTP/1.1" 200 4959
"GET /myapp/index/common/section HTTP/1.1" 200 4243
"GET /myapp/index/common/section HTTP/1.1" 200 4243
"GET /myapp/index/home/section HTTP/1.1" 200 4959
"GET /myapp/index/home/section HTTP/1.0" 200 4959
"GET /myapp/index/home/section HTTP/1.1" 200 4959
"GET /myapp/index/common/section HTTP/1.1" 200 4243
"GET /upload/img/1745484496336.jpg HTTP/1.1" 200 676557
"GET /upload/img/1745484510188.jpg HTTP/1.1" 200 316021
"GET /upload/img/1747118774080.jpg HTTP/1.1" 200 144633
"GET /upload/img/1745460011834.jpg HTTP/1.1" 200 166653
"GET /upload/img/1745460019136.jpg HTTP/1.1" 200 117457
"GET /upload/img/1747899216089.jpg HTTP/1.1" 200 30576
"GET /upload/img/1745460949926.jpg HTTP/1.1" 200 648714
"GET /upload/img/1747127398455.jpg HTTP/1.1" 200 48804
"GET /upload/img/1747127404721.jpg HTTP/1.1" 200 44877
"GET /upload/img/1745462544431.jpg HTTP/1.1" 200 72923
"GET /upload/img/1745462380944.jpg HTTP/1.1" 200 91507
"GET /upload/img/1745462508547.jpg HTTP/1.1" 200 67214
"GET /upload/img/1745462520685.jpg HTTP/1.1" 200 79074
"GET /upload/img/1745462388292.jpg HTTP/1.1" 200 88724
"GET /upload/img/1745462395579.jpg HTTP/1.1" 200 67458
"GET /upload/img/1745462412737.jpg HTTP/1.1" 200 62776
"GET /upload/img/1747118959809.jpg HTTP/1.1" 200 693380
"GET /upload/img/1745462428866.jpg HTTP/1.1" 200 76083
"GET /myapp/index/home/section HTTP/1.1" 200 4959
"GET /myapp/index/common/section HTTP/1.1" 200 4243
"GET /myapp/index/home/section HTTP/1.1" 200 4959
"GET /myapp/index/common/section HTTP/1.1" 200 4243
"GET /myapp/index/common/section HTTP/1.1" 200 4243
"GET /myapp/index/home/section HTTP/1.1" 200 4959
"GET /myapp/index/home/section HTTP/1.1" 200 4959
"GET /myapp/index/common/section HTTP/1.1" 200 4243
"GET /myapp/index/home/section HTTP/1.1" 200 4959
"GET /myapp/index/common/section HTTP/1.1" 200 4243
"GET /myapp/index/common/section HTTP/1.1" 200 4243
"GET /myapp/index/home/section HTTP/1.1" 200 4959
